node.exe : ΓÜá Warning: 
Next.js inferred your 
workspace root, but it may 
not be correct.
At line:1 char:1
+ & "C:\Program 
Files\nodejs/node.exe" 
"C:\Program 
Files\nodejs/node_mo ...
+ ~~~~~~~~~~~~~~~~~~~~~~~~~~~
~~~~~~~~~~~~~~~~~~~~~~~~~~~~~
~~~~~~~~~~~~~
    + CategoryInfo           
   : NotSpecified: (ΓÜá War  
  ning: Ne...not be correc   
 t.:String) [], RemoteExc    
eption
    + FullyQualifiedErrorId  
   : NativeCommandError
 
 We detected multiple 
lockfiles and selected the 
directory of C:\Users\bavis\D
esktop\ERP\package-lock.json 
as the root directory.
 To silence this warning, 
set `turbopack.root` in your 
Next.js config, or consider 
removing one of the 
lockfiles if it's not needed.
   See https://nextjs.org/doc
s/app/api-reference/config/ne
xt-config-js/turbopack#root-d
irectory for more 
information.
 Detected additional 
lockfiles: 
   * C:\Users\bavis\Desktop\E
RP\app-src\package-lock.json

Γû▓ Next.js 16.2.0 (Turbopack)
- Environments: .env.local

  Creating an optimized production build ...
Γ£ô Compiled successfully in 6.3s
  Running TypeScript ...
  Finished TypeScript in 189ms ...
  Collecting page data using 3 workers ...
  Generating static pages using 3 workers (0/12) ...
(node:12048) Warning: 
`--localstorage-file` was 
provided without a valid path
(Use `node --trace-warnings 
...` to show where the 
warning was created)
  Generating static pages using 3 workers (3/12) 
  Generating static pages using 3 workers (6/12) 
  Generating static pages using 3 workers (9/12) 
Γ£ô Generating static pages using 3 workers (12/12) in 955ms
  Finalizing page optimization ...

Route (app)
Γöî Γùï /
Γö£ Γùï /_not-found
Γö£ Γùï /dashboard
Γö£ Γùï /dashboard/ai-assistant
Γö£ Γùï /dashboard/drives
Γö£ Γùï /dashboard/reports
Γö£ Γùï /dashboard/sessions
Γö£ Γùï /dashboard/settings
Γö£ Γùï /dashboard/students
Γöö Γùï /dashboard/weekly-reports


Γùï  (Static)  prerendered as static content

